// Jest Snapshot v1, https://goo.gl/fbAQLP

exports[`Helpfulness snapshot 1`] = `
<span>
   Helpful? 
  <a
    href="#"
    onClick={[Function]}
  >
    Yes
  </a>
   (
  7
  )
</span>
`;
