// Jest Snapshot v1, https://goo.gl/fbAQLP

exports[`Helpfulness takes the helpfulness prop and displays it correctly 1`] = `undefined`;
